// Jest Snapshot v1, https://goo.gl/fbAQLP

exports[`Market Component should test snapshot 1`] = `
<div>
  <div
    class="Market-component"
  >
    <div
      class="Market-component__container"
    >
      <div
        class="Market-component__label"
      >
        <h6
          class="MuiTypography-root MuiTypography-h6"
        >
          Team to Win
        </h6>
      </div>
      <div
        class="Market-component__options"
      >
        <div
          class="Selection-component"
        >
          <button
            class="MuiButtonBase-root MuiButton-root MuiButton-outlined Selection-component__button  MuiButton-outlinedSizeSmall MuiButton-sizeSmall MuiButton-disableElevation"
            tabindex="0"
            type="button"
          >
            <span
              class="MuiButton-label"
            >
              <p
                class="MuiTypography-root MuiTypography-body2"
              >
                Real Madrid
              </p>
              <p
                class="MuiTypography-root MuiTypography-body2"
              >
                1.23
              </p>
            </span>
            <span
              class="MuiTouchRipple-root"
            />
          </button>
          <button
            class="MuiButtonBase-root MuiButton-root MuiButton-outlined Selection-component__button  MuiButton-outlinedSizeSmall MuiButton-sizeSmall MuiButton-disableElevation"
            tabindex="0"
            type="button"
          >
            <span
              class="MuiButton-label"
            >
              <p
                class="MuiTypography-root MuiTypography-body2"
              >
                Barcelona
              </p>
              <p
                class="MuiTypography-root MuiTypography-body2"
              >
                2.05
              </p>
            </span>
            <span
              class="MuiTouchRipple-root"
            />
          </button>
        </div>
      </div>
      <hr
        class="MuiDivider-root MuiDivider-root"
      />
    </div>
    <div
      class="Market-component__container"
    >
      <div
        class="Market-component__label"
      >
        <h6
          class="MuiTypography-root MuiTypography-h6"
        >
          Player to Score First
        </h6>
      </div>
      <div
        class="Market-component__options"
      >
        <div
          class="Selection-component"
        >
          <button
            class="MuiButtonBase-root MuiButton-root MuiButton-outlined Selection-component__button  MuiButton-outlinedSizeSmall MuiButton-sizeSmall MuiButton-disableElevation"
            tabindex="0"
            type="button"
          >
            <span
              class="MuiButton-label"
            >
              <p
                class="MuiTypography-root MuiTypography-body2"
              >
                Ronaldo
              </p>
              <p
                class="MuiTypography-root MuiTypography-body2"
              >
                1.15
              </p>
            </span>
            <span
              class="MuiTouchRipple-root"
            />
          </button>
          <button
            class="MuiButtonBase-root MuiButton-root MuiButton-outlined Selection-component__button  MuiButton-outlinedSizeSmall MuiButton-sizeSmall MuiButton-disableElevation"
            tabindex="0"
            type="button"
          >
            <span
              class="MuiButton-label"
            >
              <p
                class="MuiTypography-root MuiTypography-body2"
              >
                Messi
              </p>
              <p
                class="MuiTypography-root MuiTypography-body2"
              >
                1.3
              </p>
            </span>
            <span
              class="MuiTouchRipple-root"
            />
          </button>
          <button
            class="MuiButtonBase-root MuiButton-root MuiButton-outlined Selection-component__button  MuiButton-outlinedSizeSmall MuiButton-sizeSmall MuiButton-disableElevation"
            tabindex="0"
            type="button"
          >
            <span
              class="MuiButton-label"
            >
              <p
                class="MuiTypography-root MuiTypography-body2"
              >
                Bale
              </p>
              <p
                class="MuiTypography-root MuiTypography-body2"
              >
                1.35
              </p>
            </span>
            <span
              class="MuiTouchRipple-root"
            />
          </button>
        </div>
      </div>
      <hr
        class="MuiDivider-root MuiDivider-root"
      />
    </div>
  </div>
</div>
`;
