// Jest Snapshot v1, https://goo.gl/fbAQLP

exports[`App Component should test snapshot 1`] = `
<div>
  <div
    class="App-component"
  >
    <header
      class="MuiPaper-root MuiAppBar-root MuiAppBar-positionStatic MuiAppBar-colorPrimary Header-component__container MuiPaper-elevation4"
    >
      <div
        class="MuiToolbar-root MuiToolbar-regular MuiToolbar-gutters"
      >
        <h6
          class="MuiTypography-root Header-component__title MuiTypography-h6"
        >
          Bet Split
        </h6>
        <button
          aria-label="menu"
          class="MuiButtonBase-root MuiIconButton-root Header-component__hamburger MuiIconButton-colorInherit MuiIconButton-edgeEnd"
          tabindex="0"
          type="button"
        >
          <span
            class="MuiIconButton-label"
          >
            <svg
              aria-hidden="true"
              class="MuiSvgIcon-root"
              focusable="false"
              viewBox="0 0 24 24"
            >
              <path
                d="M3 18h18v-2H3v2zm0-5h18v-2H3v2zm0-7v2h18V6H3z"
              />
            </svg>
          </span>
          <span
            class="MuiTouchRipple-root"
          />
        </button>
      </div>
    </header>
    <div
      class="App-component__responsive-container"
    >
      <div
        class="Event-component"
      >
        <div
          class="MuiPaper-root MuiCard-root Event-component__card MuiPaper-outlined MuiPaper-rounded"
        >
          <div
            class="MuiCardHeader-root"
          >
            <div
              class="MuiCardHeader-content"
            >
              <span
                class="MuiTypography-root MuiCardHeader-title MuiTypography-h5 MuiTypography-displayBlock"
              >
                Real Madrid vs Barcelona
              </span>
            </div>
          </div>
          <div
            class="MuiCardContent-root"
          >
            <div
              class="Event-component__markets"
            >
              <div
                class="Market-component"
              >
                <div
                  class="Market-component__container"
                >
                  <div
                    class="Market-component__label"
                  >
                    <h6
                      class="MuiTypography-root MuiTypography-h6"
                    >
                      Team to Win
                    </h6>
                  </div>
                  <div
                    class="Market-component__options"
                  >
                    <div
                      class="Selection-component"
                    >
                      <button
                        class="MuiButtonBase-root MuiButton-root MuiButton-outlined Selection-component__button  MuiButton-outlinedSizeSmall MuiButton-sizeSmall MuiButton-disableElevation"
                        tabindex="0"
                        type="button"
                      >
                        <span
                          class="MuiButton-label"
                        >
                          <p
                            class="MuiTypography-root MuiTypography-body2"
                          >
                            Real Madrid
                          </p>
                          <p
                            class="MuiTypography-root MuiTypography-body2"
                          >
                            1.23
                          </p>
                        </span>
                        <span
                          class="MuiTouchRipple-root"
                        />
                      </button>
                      <button
                        class="MuiButtonBase-root MuiButton-root MuiButton-outlined Selection-component__button  MuiButton-outlinedSizeSmall MuiButton-sizeSmall MuiButton-disableElevation"
                        tabindex="0"
                        type="button"
                      >
                        <span
                          class="MuiButton-label"
                        >
                          <p
                            class="MuiTypography-root MuiTypography-body2"
                          >
                            Barcelona
                          </p>
                          <p
                            class="MuiTypography-root MuiTypography-body2"
                          >
                            2.05
                          </p>
                        </span>
                        <span
                          class="MuiTouchRipple-root"
                        />
                      </button>
                    </div>
                  </div>
                  <hr
                    class="MuiDivider-root"
                  />
                </div>
                <div
                  class="Market-component__container"
                >
                  <div
                    class="Market-component__label"
                  >
                    <h6
                      class="MuiTypography-root MuiTypography-h6"
                    >
                      Player to Score First
                    </h6>
                  </div>
                  <div
                    class="Market-component__options"
                  >
                    <div
                      class="Selection-component"
                    >
                      <button
                        class="MuiButtonBase-root MuiButton-root MuiButton-outlined Selection-component__button  MuiButton-outlinedSizeSmall MuiButton-sizeSmall MuiButton-disableElevation"
                        tabindex="0"
                        type="button"
                      >
                        <span
                          class="MuiButton-label"
                        >
                          <p
                            class="MuiTypography-root MuiTypography-body2"
                          >
                            Ronaldo
                          </p>
                          <p
                            class="MuiTypography-root MuiTypography-body2"
                          >
                            1.15
                          </p>
                        </span>
                        <span
                          class="MuiTouchRipple-root"
                        />
                      </button>
                      <button
                        class="MuiButtonBase-root MuiButton-root MuiButton-outlined Selection-component__button  MuiButton-outlinedSizeSmall MuiButton-sizeSmall MuiButton-disableElevation"
                        tabindex="0"
                        type="button"
                      >
                        <span
                          class="MuiButton-label"
                        >
                          <p
                            class="MuiTypography-root MuiTypography-body2"
                          >
                            Messi
                          </p>
                          <p
                            class="MuiTypography-root MuiTypography-body2"
                          >
                            1.3
                          </p>
                        </span>
                        <span
                          class="MuiTouchRipple-root"
                        />
                      </button>
                      <button
                        class="MuiButtonBase-root MuiButton-root MuiButton-outlined Selection-component__button  MuiButton-outlinedSizeSmall MuiButton-sizeSmall MuiButton-disableElevation"
                        tabindex="0"
                        type="button"
                      >
                        <span
                          class="MuiButton-label"
                        >
                          <p
                            class="MuiTypography-root MuiTypography-body2"
                          >
                            Bale
                          </p>
                          <p
                            class="MuiTypography-root MuiTypography-body2"
                          >
                            1.35
                          </p>
                        </span>
                        <span
                          class="MuiTouchRipple-root"
                        />
                      </button>
                    </div>
                  </div>
                  <hr
                    class="MuiDivider-root"
                  />
                </div>
              </div>
            </div>
          </div>
        </div>
        <div
          class="MuiPaper-root MuiCard-root Event-component__card MuiPaper-outlined MuiPaper-rounded"
        >
          <div
            class="MuiCardHeader-root"
          >
            <div
              class="MuiCardHeader-content"
            >
              <span
                class="MuiTypography-root MuiCardHeader-title MuiTypography-h5 MuiTypography-displayBlock"
              >
                Atletico Madrid vs Malaga
              </span>
            </div>
          </div>
          <div
            class="MuiCardContent-root"
          >
            <div
              class="Event-component__markets"
            >
              <div
                class="Market-component"
              >
                <div
                  class="Market-component__container"
                >
                  <div
                    class="Market-component__label"
                  >
                    <h6
                      class="MuiTypography-root MuiTypography-h6"
                    >
                      Team to Win
                    </h6>
                  </div>
                  <div
                    class="Market-component__options"
                  >
                    <div
                      class="Selection-component"
                    >
                      <button
                        class="MuiButtonBase-root MuiButton-root MuiButton-outlined Selection-component__button  MuiButton-outlinedSizeSmall MuiButton-sizeSmall MuiButton-disableElevation"
                        tabindex="0"
                        type="button"
                      >
                        <span
                          class="MuiButton-label"
                        >
                          <p
                            class="MuiTypography-root MuiTypography-body2"
                          >
                            Atletico
                          </p>
                          <p
                            class="MuiTypography-root MuiTypography-body2"
                          >
                            1.4
                          </p>
                        </span>
                        <span
                          class="MuiTouchRipple-root"
                        />
                      </button>
                      <button
                        class="MuiButtonBase-root MuiButton-root MuiButton-outlined Selection-component__button  MuiButton-outlinedSizeSmall MuiButton-sizeSmall MuiButton-disableElevation"
                        tabindex="0"
                        type="button"
                      >
                        <span
                          class="MuiButton-label"
                        >
                          <p
                            class="MuiTypography-root MuiTypography-body2"
                          >
                            Malaga
                          </p>
                          <p
                            class="MuiTypography-root MuiTypography-body2"
                          >
                            3.05
                          </p>
                        </span>
                        <span
                          class="MuiTouchRipple-root"
                        />
                      </button>
                    </div>
                  </div>
                  <hr
                    class="MuiDivider-root"
                  />
                </div>
              </div>
            </div>
          </div>
        </div>
      </div>
    </div>
  </div>
</div>
`;
