// Jest Snapshot v1, https://goo.gl/fbAQLP

exports[`Events Saga should match snapshot 1`] = `Object {}`;
