// Jest Snapshot v1, https://goo.gl/fbAQLP

exports[`Matches Sage should match snapshot 1`] = `Object {}`;
