// Jest Snapshot v1, https://goo.gl/fbAQLP

exports[`Drawer Component should test snapshot 1`] = `
<div
  aria-hidden="true"
/>
`;
